Microchip MPLAB XC8 Compiler V2.45

Linker command line:

-W-3 \
  --edf=C:\Program Files\Microchip\xc8\v2.45\pic\dat\20230818022343_en.msgs \
  -cn -h+dist/default/debug\tp2-a.X.debug.sym \
  --cmf=dist/default/debug\tp2-a.X.debug.cmf -z -Q18F25K80 \
  -oC:\Users\e2378353\AppData\Local\Temp\xcAspok.\driver_tmp_3.o \
  --defsym=__MPLAB_BUILD=1 --fixupoverflow=error \
  -Mdist/default/debug/tp2-a.X.debug.map \
  --md=C:\Users\e2378353\AppData\Local\Temp\xcAspok.\driver_tmp_0.dat -E1 \
  -ver=XC8 Compiler --acfsm=1493 -ACODE=00h-07FFFh -ACONST=00h-07FFFh \
  -ASMALLCONST=0F00h-0FFFhx113 -AMEDIUMCONST=0F00h-07FFFh -ACOMRAM=01h-05Fh \
  -AABS1=00h-0E40h -ABIGRAM=01h-0E40h \
  -ARAM=060h-0FFh,0100h-01FFhx13,0E00h-0E40h -ABANK0=060h-0FFh \
  -ABANK1=0100h-01FFh -ABANK2=0200h-02FFh -ABANK3=0300h-03FFh \
  -ABANK4=0400h-04FFh -ABANK5=0500h-05FFh -ABANK6=0600h-06FFh \
  -ABANK7=0700h-07FFh -ABANK8=0800h-08FFh -ABANK9=0900h-09FFh \
  -ABANK10=0A00h-0AFFh -ABANK11=0B00h-0BFFh -ABANK12=0C00h-0CFFh \
  -ABANK13=0D00h-0DFFh -ABANK14=0E00h-0E40h \
  -ASFR=0E41h-0EFFh,0F00h-0F5Fh,0F60h-0FFFh -ABIGSFR=0E41h-0FFFh \
  -ACONFIG=0300000h-030000Dh -AIDLOC=0200000h-0200007h \
  -AEEDATA=0F00000h-0F003FFh -peeprom_data=EEDATA \
  -preset_vec=00h,intcode,intcodelo,powerup,init -pramtop=0F00h \
  -psmallconst=SMALLCONST -pmediumconst=MEDIUMCONST -pconst=CONST \
  -AFARRAM=00h-00h \
  -prdata=COMRAM,nvrram=COMRAM,nvbit=COMRAM,rbss=COMRAM,rbit=COMRAM \
  -pfarbss=FARRAM,fardata=FARRAM,nvFARRAM=FARRAM \
  -pintsave_regs=BIGRAM,bigbss=BIGRAM,bigdata=BIGRAM -pbss=RAM \
  -pidata=CODE,irdata=CODE,ibigdata=CODE,ifardata=CODE -prparam=COMRAM \
  C:\Users\e2378353\AppData\Local\Temp\xcAspok.\driver_tmp_14.o \
  dist/default/debug\tp2-a.X.debug.o 

Object code version is 3.11

Machine type is 18F25K80



                Name                               Link     Load   Length Selector   Space Scale
C:\Users\e2378353\AppData\Local\Temp\xcAspok.\driver_tmp_14.o
                config                           300000   300000        E        0       4
                init                                  0        0        4        0       0
dist/default/debug\tp2-a.X.debug.o
                config                           300000   300000        E        0       4
                smallconst                          F00      F00       36      780       0
                text22                             1D22     1D22       28      79B       0
                text21                             1CC8     1CC8       32      79B       0
                text20                             1E04     1E04        A      79B       0
                text19                             1DFA     1DFA        A      79B       0
                text18                             1DF0     1DF0        A      79B       0
                text17                             1C8A     1C8A       3E      79B       0
                text16                             1DC4     1DC4       12      79B       0
                text15                             1CFA     1CFA       28      79B       0
                text14                             1DB2     1DB2       12      79B       0
                text13                             1DD6     1DD6       10      79B       0
                text12                             1D9C     1D9C       16      79B       0
                text11                             1D86     1D86       16      79B       0
                text10                             1DE6     1DE6        A      79B       0
                text9                              1A56     1A56       CA      79B       0
                text8                              1BDA     1BDA       6E      79B       0
                text7                              1C48     1C48       42      79B       0
                text6                              1D6C     1D6C       1A      79B       0
                text5                              1360     1360      39A      79B       0
                text4                              1952     1952      104      79B       0
                text3                               F36      F36      42A      79B       0
                text2                              184C     184C      106      79B       0
                text1                              16FA     16FA      152      79B       0
                text0                              1B20     1B20       BA      79B       0
                cstackCOMRAM                          1        1       44        1       1
                bssBANK0                             60       60       20       60       1
                bssCOMRAM                            4B       4B        6        1       1
                cinit                              1D4A     1D4A       22      79B       0
                nvCOMRAM                             45       45        6        1       1

TOTAL           Name                               Link     Load   Length     Space
        CLASS   CODE           
                init                                  0        0        4         0
                text22                             1D22     1D22       28         0
                text21                             1CC8     1CC8       32         0
                text20                             1E04     1E04        A         0
                text19                             1DFA     1DFA        A         0
                text18                             1DF0     1DF0        A         0
                text17                             1C8A     1C8A       3E         0
                text16                             1DC4     1DC4       12         0
                text15                             1CFA     1CFA       28         0
                text14                             1DB2     1DB2       12         0
                text13                             1DD6     1DD6       10         0
                text12                             1D9C     1D9C       16         0
                text11                             1D86     1D86       16         0
                text10                             1DE6     1DE6        A         0
                text9                              1A56     1A56       CA         0
                text8                              1BDA     1BDA       6E         0
                text7                              1C48     1C48       42         0
                text6                              1D6C     1D6C       1A         0
                text5                              1360     1360      39A         0
                text4                              1952     1952      104         0
                text3                               F36      F36      42A         0
                text2                              184C     184C      106         0
                text1                              16FA     16FA      152         0
                text0                              1B20     1B20       BA         0
                cinit                              1D4A     1D4A       22         0

        CLASS   CONST          

        CLASS   SMALLCONST     
                smallconst                          F00      F00       36         0

        CLASS   MEDIUMCONST    

        CLASS   COMRAM         
                cstackCOMRAM                          1        1       44         1
                bssCOMRAM                            4B       4B        6         1
                nvCOMRAM                             45       45        6         1

        CLASS   ABS1           

        CLASS   BIGRAM         

        CLASS   RAM            

        CLASS   BANK0          
                bssBANK0                             60       60       20         1

        CLASS   BANK1          

        CLASS   BANK2          

        CLASS   BANK3          

        CLASS   BANK4          

        CLASS   BANK5          

        CLASS   BANK6          

        CLASS   BANK7          

        CLASS   BANK8          

        CLASS   BANK9          

        CLASS   BANK10         

        CLASS   BANK11         

        CLASS   BANK12         

        CLASS   BANK13         

        CLASS   BANK14         

        CLASS   SFR            

        CLASS   BIGSFR         

        CLASS   CONFIG         
                config                           300000   300000        E         4

        CLASS   IDLOC          

        CLASS   EEDATA         

        CLASS   FARRAM         

        CLASS   HEAP           

        CLASS   STACK          



SEGMENTS        Name                           Load    Length   Top    Selector   Space  Class

                reset_vec                      000000  000004  000004         0       0  CODE    
                cstackCOMRAM                   000001  000050  000051         1       1  COMRAM  
                bssBANK0                       000060  000020  000080        60       1  BANK0   
                smallconst                     000F00  000036  000F36       780       0  SMALLCON
                text3                          000F36  000ED8  001E0E       79B       0  CODE    


UNUSED ADDRESS RANGES

        Name                Unused          Largest block    Delta
        BANK0            000080-0000FF               80
        BANK1            000100-0001FF              100
        BANK10           000A00-000AFF              100
        BANK11           000B00-000BFF              100
        BANK12           000C00-000CFF              100
        BANK13           000D00-000DFF              100
        BANK14           000E00-000E40               41
        BANK2            000200-0002FF              100
        BANK3            000300-0003FF              100
        BANK4            000400-0004FF              100
        BANK5            000500-0005FF              100
        BANK6            000600-0006FF              100
        BANK7            000700-0007FF              100
        BANK8            000800-0008FF              100
        BANK9            000900-0009FF              100
        BIGRAM           000051-00005F                F
                         000080-000E40              DC1
        BIGSFR           000E41-000FFF              1BF
        CODE             000004-000EFF              EFC
                         001E0E-007FFF             61F2
        COMRAM           000051-00005F                F
        CONST            000004-000EFF              EFC
                         001E0E-007FFF             61F2
        EEDATA           F00000-F003FF              400
        IDLOC            200000-200007                8
        MEDIUMCONST      001E0E-007FFF             61F2
        RAM              000080-000E40              100
        SFR              000E41-000FFF               BF
        SMALLCONST       001E0E-007FFF              100

                                  Symbol Table

?___fldiv                                       cstackCOMRAM 000001
?___flmul                                       cstackCOMRAM 00001A
?___fltol                                       cstackCOMRAM 000001
?_printf                                        cstackCOMRAM 000015
?_trouver_CCPR                                  cstackCOMRAM 000033
?_vfprintf                                      cstackCOMRAM 000010
EUSART1_SetErrorHandler@interruptHandler        cstackCOMRAM 000001
EUSART1_SetFramingErrorHandler@interruptHandler cstackCOMRAM 000001
EUSART1_SetOverrunErrorHandler@interruptHandler cstackCOMRAM 000001
EUSART1_Write@txData                            cstackCOMRAM 000001
PWM2_LoadDutyValue@dutyValue                    cstackCOMRAM 000001
_ANCON0                                         (abs)        000F5D
_ANCON1                                         (abs)        000F5C
_BAUDCON1                                       (abs)        000FA7
_CCP2CON                                        (abs)        000F50
_CCPR2H                                         (abs)        000F52
_CCPR2L                                         (abs)        000F51
_CCPTMRSbits                                    (abs)        000F99
_EUSART1_DefaultErrorHandler                    (abs)        000000
_EUSART1_DefaultFramingErrorHandler             (abs)        000000
_EUSART1_DefaultOverrunErrorHandler             (abs)        000000
_EUSART1_ErrorHandler                           nvCOMRAM     000045
_EUSART1_FramingErrorHandler                    nvCOMRAM     000049
_EUSART1_Initialize                             text17       001C8A
_EUSART1_OverrunErrorHandler                    nvCOMRAM     000047
_EUSART1_Read                                   text22       001D22
_EUSART1_SetErrorHandler                        text20       001E04
_EUSART1_SetFramingErrorHandler                 text19       001DFA
_EUSART1_SetOverrunErrorHandler                 text18       001DF0
_EUSART1_Write                                  text11       001D86
_INTCON2bits                                    (abs)        000FF1
_INTCONbits                                     (abs)        000FF2
_LATA                                           (abs)        000F89
_LATB                                           (abs)        000F8A
_LATC                                           (abs)        000F8B
_OSCCON                                         (abs)        000FD3
_OSCCON2                                        (abs)        000FD2
_OSCILLATOR_Initialize                          text16       001DC4
_OSCTUNE                                        (abs)        000F9B
_PIN_MANAGER_Initialize                         text15       001CFA
_PIR1bits                                       (abs)        000F9E
_PR2                                            (abs)        000FCB
_PWM2_Initialize                                text14       001DB2
_PWM2_LoadDutyValue                             text21       001CC8
_RCREG1                                         (abs)        000FAE
_RCSTA1                                         (abs)        000FAB
_RCSTA1bits                                     (abs)        000FAB
_REFOCON                                        (abs)        000F9A
_SPBRG1                                         (abs)        000FAF
_SPBRGH1                                        (abs)        000F7D
_SYSTEM_Initialize                              text12       001D9C
_T2CON                                          (abs)        000FCA
_T2CONbits                                      (abs)        000FCA
_TMR2                                           (abs)        000FCC
_TMR2_Initialize                                text13       001DD6
_TRISA                                          (abs)        000F92
_TRISB                                          (abs)        000F93
_TRISC                                          (abs)        000F94
_TXREG1                                         (abs)        000FAD
_TXSTA1                                         (abs)        000FAC
_TXSTA1bits                                     (abs)        000FAC
_WPUB                                           (abs)        000F5B
__HRAM                                          (abs)        000000
__H__absolute__                                 __absolute__ 000000
__Habs1                                         abs1         000000
__Hbank0                                        bank0        000000
__Hbank1                                        bank1        000000
__Hbank10                                       bank10       000000
__Hbank11                                       bank11       000000
__Hbank12                                       bank12       000000
__Hbank13                                       bank13       000000
__Hbank14                                       bank14       000000
__Hbank2                                        bank2        000000
__Hbank3                                        bank3        000000
__Hbank4                                        bank4        000000
__Hbank5                                        bank5        000000
__Hbank6                                        bank6        000000
__Hbank7                                        bank7        000000
__Hbank8                                        bank8        000000
__Hbank9                                        bank9        000000
__Hbigbss                                       bigbss       000000
__Hbigdata                                      bigdata      000000
__Hbigram                                       bigram       000000
__Hbigsfr                                       bigsfr       000000
__Hbss                                          bss          000000
__HbssBANK0                                     bssBANK0     000000
__HbssCOMRAM                                    bssCOMRAM    000000
__Hcinit                                        cinit        000000
__Hclrtext                                      clrtext      000000
__Hcomram                                       comram       000000
__Hconfig                                       config       30000E
__Hconst                                        const        000000
__HcstackCOMRAM                                 cstackCOMRAM 000000
__Hdata                                         data         000000
__Heeprom_data                                  eeprom_data  000000
__Hfarbss                                       farbss       000000
__Hfardata                                      fardata      000000
__Hheap                                         heap         000000
__Hibigdata                                     ibigdata     000000
__Hidata                                        idata        000000
__Hidloc                                        idloc        000000
__Hifardata                                     ifardata     000000
__Hinit                                         init         000004
__Hintcode                                      intcode      000000
__Hintcode_body                                 intcode_body 000000
__Hintcodelo                                    intcodelo    000000
__Hintentry                                     intentry     000000
__Hintret                                       intret       000000
__Hintsave_regs                                 intsave_regs 000000
__Hirdata                                       irdata       000000
__Hmediumconst                                  mediumconst  000000
__HnvCOMRAM                                     nvCOMRAM     000000
__HnvFARRAM                                     nvFARRAM     000000
__Hnvbit                                        nvbit        000000
__Hnvrram                                       nvrram       000000
__Hparam                                        rparam       000000
__Hpowerup                                      powerup      000000
__Hram                                          ram          000000
__Hramtop                                       ramtop       000F00
__Hrbit                                         rbit         000000
__Hrbss                                         rbss         000000
__Hrdata                                        rdata        000000
__Hreset_vec                                    reset_vec    000000
__Hrparam                                       rparam       000000
__Hsfr                                          sfr          000000
__Hsmallconst                                   smallconst   000F36
__Hspace_0                                      (abs)        001E0E
__Hspace_1                                      (abs)        000080
__Hspace_2                                      (abs)        000000
__Hspace_4                                      (abs)        60000E
__Hstack                                        stack        000000
__Hstruct                                       struct       000000
__Htemp                                         temp         000000
__Htext                                         text         000000
__Htext0                                        text0        000000
__Htext1                                        text1        000000
__Htext10                                       text10       000000
__Htext11                                       text11       000000
__Htext12                                       text12       000000
__Htext13                                       text13       000000
__Htext14                                       text14       000000
__Htext15                                       text15       000000
__Htext16                                       text16       000000
__Htext17                                       text17       000000
__Htext18                                       text18       000000
__Htext19                                       text19       000000
__Htext2                                        text2        000000
__Htext20                                       text20       000000
__Htext21                                       text21       000000
__Htext22                                       text22       000000
__Htext3                                        text3        000000
__Htext4                                        text4        000000
__Htext5                                        text5        000000
__Htext6                                        text6        000000
__Htext7                                        text7        000000
__Htext8                                        text8        000000
__Htext9                                        text9        000000
__LRAM                                          (abs)        000001
__L__absolute__                                 __absolute__ 000000
__Labs1                                         abs1         000000
__Lbank0                                        bank0        000000
__Lbank1                                        bank1        000000
__Lbank10                                       bank10       000000
__Lbank11                                       bank11       000000
__Lbank12                                       bank12       000000
__Lbank13                                       bank13       000000
__Lbank14                                       bank14       000000
__Lbank2                                        bank2        000000
__Lbank3                                        bank3        000000
__Lbank4                                        bank4        000000
__Lbank5                                        bank5        000000
__Lbank6                                        bank6        000000
__Lbank7                                        bank7        000000
__Lbank8                                        bank8        000000
__Lbank9                                        bank9        000000
__Lbigbss                                       bigbss       000000
__Lbigdata                                      bigdata      000000
__Lbigram                                       bigram       000000
__Lbigsfr                                       bigsfr       000000
__Lbss                                          bss          000000
__LbssBANK0                                     bssBANK0     000000
__LbssCOMRAM                                    bssCOMRAM    000000
__Lcinit                                        cinit        000000
__Lclrtext                                      clrtext      000000
__Lcomram                                       comram       000000
__Lconfig                                       config       000000
__Lconst                                        const        000000
__LcstackCOMRAM                                 cstackCOMRAM 000000
__Ldata                                         data         000000
__Leeprom_data                                  eeprom_data  000000
__Lfarbss                                       farbss       000000
__Lfardata                                      fardata      000000
__Lheap                                         heap         000000
__Libigdata                                     ibigdata     000000
__Lidata                                        idata        000000
__Lidloc                                        idloc        000000
__Lifardata                                     ifardata     000000
__Linit                                         init         000000
__Lintcode                                      intcode      000000
__Lintcode_body                                 intcode_body 000000
__Lintcodelo                                    intcodelo    000000
__Lintentry                                     intentry     000000
__Lintret                                       intret       000000
__Lintsave_regs                                 intsave_regs 000000
__Lirdata                                       irdata       000000
__Lmediumconst                                  mediumconst  000000
__LnvCOMRAM                                     nvCOMRAM     000000
__LnvFARRAM                                     nvFARRAM     000000
__Lnvbit                                        nvbit        000000
__Lnvrram                                       nvrram       000000
__Lparam                                        rparam       000000
__Lpowerup                                      powerup      000000
__Lram                                          ram          000000
__Lramtop                                       ramtop       000F00
__Lrbit                                         rbit         000000
__Lrbss                                         rbss         000000
__Lrdata                                        rdata        000000
__Lreset_vec                                    reset_vec    000000
__Lrparam                                       rparam       000000
__Lsfr                                          sfr          000000
__Lsmallconst                                   smallconst   000F00
__Lspace_0                                      (abs)        000000
__Lspace_1                                      (abs)        000000
__Lspace_2                                      (abs)        000000
__Lspace_4                                      (abs)        000000
__Lstack                                        stack        000000
__Lstruct                                       struct       000000
__Ltemp                                         temp         000000
__Ltext                                         text         000000
__Ltext0                                        text0        000000
__Ltext1                                        text1        000000
__Ltext10                                       text10       000000
__Ltext11                                       text11       000000
__Ltext12                                       text12       000000
__Ltext13                                       text13       000000
__Ltext14                                       text14       000000
__Ltext15                                       text15       000000
__Ltext16                                       text16       000000
__Ltext17                                       text17       000000
__Ltext18                                       text18       000000
__Ltext19                                       text19       000000
__Ltext2                                        text2        000000
__Ltext20                                       text20       000000
__Ltext21                                       text21       000000
__Ltext22                                       text22       000000
__Ltext3                                        text3        000000
__Ltext4                                        text4        000000
__Ltext5                                        text5        000000
__Ltext6                                        text6        000000
__Ltext7                                        text7        000000
__Ltext8                                        text8        000000
__Ltext9                                        text9        000000
__S0                                            (abs)        001E0E
__S1                                            (abs)        000080
__S4                                            (abs)        000000
__S5                                            (abs)        000000
___fldiv                                        text5        001360
___fldiv@a                                      cstackCOMRAM 000005
___fldiv@aexp                                   cstackCOMRAM 000019
___fldiv@b                                      cstackCOMRAM 000001
___fldiv@bexp                                   cstackCOMRAM 000018
___fldiv@grs                                    cstackCOMRAM 000014
___fldiv@new_exp                                cstackCOMRAM 000012
___fldiv@rem                                    cstackCOMRAM 00000D
___fldiv@sign                                   cstackCOMRAM 000011
___flge                                         text4        001952
___flge@ff1                                     cstackCOMRAM 000001
___flge@ff2                                     cstackCOMRAM 000005
___flmul                                        text3        000F36
___flmul@a                                      cstackCOMRAM 00001E
___flmul@aexp                                   cstackCOMRAM 00002B
___flmul@b                                      cstackCOMRAM 00001A
___flmul@bexp                                   cstackCOMRAM 00002C
___flmul@grs                                    cstackCOMRAM 000027
___flmul@prod                                   cstackCOMRAM 00002D
___flmul@sign                                   cstackCOMRAM 000026
___flmul@temp                                   cstackCOMRAM 000031
___fltol                                        text2        00184C
___fltol@exp1                                   cstackCOMRAM 00000A
___fltol@f1                                     cstackCOMRAM 000001
___fltol@sign1                                  cstackCOMRAM 000009
___heap_hi                                      (abs)        000000
___heap_lo                                      (abs)        000000
___inthi_sp                                     stack        000000
___inthi_stack_hi                               stack        000000
___inthi_stack_lo                               stack        000000
___intlo_sp                                     stack        000000
___intlo_stack_hi                               stack        000000
___intlo_stack_lo                               stack        000000
___param_bank                                   (abs)        000000
___rparam_used                                  (abs)        000001
___sp                                           stack        000000
___stack_hi                                     stack        000000
___stack_lo                                     stack        000000
__accesstop                                     (abs)        000060
__activetblptr                                  (abs)        000002
__end_of_EUSART1_Initialize                     text17       001CC8
__end_of_EUSART1_Read                           text22       001D4A
__end_of_EUSART1_SetErrorHandler                text20       001E0E
__end_of_EUSART1_SetFramingErrorHandler         text19       001E04
__end_of_EUSART1_SetOverrunErrorHandler         text18       001DFA
__end_of_EUSART1_Write                          text11       001D9C
__end_of_OSCILLATOR_Initialize                  text16       001DD6
__end_of_PIN_MANAGER_Initialize                 text15       001D22
__end_of_PWM2_Initialize                        text14       001DC4
__end_of_PWM2_LoadDutyValue                     text21       001CFA
__end_of_SYSTEM_Initialize                      text12       001DB2
__end_of_TMR2_Initialize                        text13       001DE6
__end_of___fldiv                                text5        0016FA
__end_of___flge                                 text4        001A56
__end_of___flmul                                text3        001360
__end_of___fltol                                text2        001952
__end_of__initialization                        cinit        001D62
__end_of_fputc                                  text9        001B20
__end_of_main                                   text0        001BDA
__end_of_printf                                 text6        001D86
__end_of_putch                                  text10       001DF0
__end_of_trouver_CCPR                           text1        00184C
__end_of_vfpfcnvrt                              text8        001C48
__end_of_vfprintf                               text7        001C8A
__initialization                                cinit        001D4A
__mediumconst                                   mediumconst  000000
__pbssBANK0                                     bssBANK0     000060
__pbssCOMRAM                                    bssCOMRAM    00004B
__pcinit                                        cinit        001D4A
__pcstackCOMRAM                                 cstackCOMRAM 000001
__pnvCOMRAM                                     nvCOMRAM     000045
__psmallconst                                   smallconst   000F00
__ptext0                                        text0        001B20
__ptext1                                        text1        0016FA
__ptext10                                       text10       001DE6
__ptext11                                       text11       001D86
__ptext12                                       text12       001D9C
__ptext13                                       text13       001DD6
__ptext14                                       text14       001DB2
__ptext15                                       text15       001CFA
__ptext16                                       text16       001DC4
__ptext17                                       text17       001C8A
__ptext18                                       text18       001DF0
__ptext19                                       text19       001DFA
__ptext2                                        text2        00184C
__ptext20                                       text20       001E04
__ptext21                                       text21       001CC8
__ptext22                                       text22       001D22
__ptext3                                        text3        000F36
__ptext4                                        text4        001952
__ptext5                                        text5        001360
__ptext6                                        text6        001D6C
__ptext7                                        text7        001C48
__ptext8                                        text8        001BDA
__ptext9                                        text9        001A56
__ramtop                                        ramtop       000F00
__smallconst                                    smallconst   000F00
_eusart1RxLastError                             bssCOMRAM    000050
_flags                                          bssCOMRAM    00004F
_fputc                                          text9        001A56
_main                                           text0        001B20
_prec                                           bssCOMRAM    00004D
_printf                                         text6        001D6C
_putch                                          text10       001DE6
_trouver_CCPR                                   text1        0016FA
_trouver_CCPR$1317                              cstackCOMRAM 00003B
_vfpfcnvrt                                      text8        001BDA
_vfprintf                                       text7        001C48
_width                                          bssCOMRAM    00004B
end_of_initialization                           cinit        001D62
fputc@c                                         cstackCOMRAM 000003
fputc@fp                                        cstackCOMRAM 000005
intlevel0                                       text         000000
intlevel1                                       text         000000
intlevel2                                       text         000000
intlevel3                                       text         000000
isa$std                                         (abs)        000001
isa$xinst                                       (abs)        000000
main@caractere                                  cstackCOMRAM 000041
main@ccpr_val                                   cstackCOMRAM 000043
printf@ap                                       cstackCOMRAM 000016
printf@fmt                                      cstackCOMRAM 000015
putch@txData                                    cstackCOMRAM 000002
stackhi                                         (abs)        000000
stacklo                                         (abs)        000000
start                                           init         000000
start_initialization                            cinit        001D4A
trouver_CCPR@ccpr                               cstackCOMRAM 000037
trouver_CCPR@dutyCycle                          cstackCOMRAM 000033
vfpfcnvrt@ap                                    cstackCOMRAM 00000F
vfpfcnvrt@fmt                                   cstackCOMRAM 00000E
vfpfcnvrt@fp                                    cstackCOMRAM 00000C
vfprintf@ap                                     cstackCOMRAM 000013
vfprintf@cfmt                                   cstackCOMRAM 000014
vfprintf@fmt                                    cstackCOMRAM 000012
vfprintf@fp                                     cstackCOMRAM 000010


MODULE INFORMATION

Module		Function		Class		Link	Load	Size
mcc_generated_files/tmr2.c
		_TMR2_Initialize		CODE           	1DD6	0000	16

mcc_generated_files/tmr2.c estimated size: 16

mcc_generated_files/pwm2.c
		_PWM2_Initialize		CODE           	1DB2	0000	18
		_PWM2_LoadDutyValue		CODE           	1CC8	0000	50

mcc_generated_files/pwm2.c estimated size: 68

mcc_generated_files/pin_manager.c
		_PIN_MANAGER_Initialize		CODE           	1CFA	0000	40

mcc_generated_files/pin_manager.c estimated size: 40

C:\Program Files\Microchip\xc8\v2.45\pic\sources\c99\common\printf.c
		_printf        		CODE           	1D6C	0000	26

C:\Program Files\Microchip\xc8\v2.45\pic\sources\c99\common\printf.c estimated size: 26

C:\Program Files\Microchip\xc8\v2.45\pic\sources\c99\common\sprcmul.c
		___flmul       		CODE           	0F36	0000	1066

C:\Program Files\Microchip\xc8\v2.45\pic\sources\c99\common\sprcmul.c estimated size: 1066

C:\Program Files\Microchip\xc8\v2.45\pic\sources\c99\common\sprcdiv.c
		___fldiv       		CODE           	1360	0000	922

C:\Program Files\Microchip\xc8\v2.45\pic\sources\c99\common\sprcdiv.c estimated size: 922

C:\Program Files\Microchip\xc8\v2.45\pic\sources\c99\common\flge.c
		___flge        		CODE           	1952	0000	260

C:\Program Files\Microchip\xc8\v2.45\pic\sources\c99\common\flge.c estimated size: 260

shared
		__initialization		CODE           	1D4A	0000	24

shared estimated size: 24

mcc_generated_files/eusart1.c
		_EUSART1_Initialize		CODE           	1C8A	0000	62
		_putch         		CODE           	1DE6	0000	10
		_EUSART1_SetFramingErrorHandler		CODE           	1DFA	0000	10
		_EUSART1_Read  		CODE           	1D22	0000	40
		_EUSART1_SetOverrunErrorHandler		CODE           	1DF0	0000	10
		_EUSART1_SetErrorHandler		CODE           	1E04	0000	10
		_EUSART1_Write 		CODE           	1D86	0000	22

mcc_generated_files/eusart1.c estimated size: 164

mcc_generated_files/mcc.c
		_OSCILLATOR_Initialize		CODE           	1DC4	0000	18
		_SYSTEM_Initialize		CODE           	1D9C	0000	22

mcc_generated_files/mcc.c estimated size: 40

main.c
		_trouver_CCPR  		CODE           	16FA	0000	338
		_main          		CODE           	1B20	0000	186

main.c estimated size: 524

C:\Program Files\Microchip\xc8\v2.45\pic\sources\c99\common\nf_fputc.c
		_fputc         		CODE           	1A56	0000	202

C:\Program Files\Microchip\xc8\v2.45\pic\sources\c99\common\nf_fputc.c estimated size: 202

C:\Program Files\Microchip\xc8\v2.45\pic\sources\c99\common\doprnt.c
		_vfpfcnvrt     		CODE           	1BDA	0000	110
		_vfprintf      		CODE           	1C48	0000	66

C:\Program Files\Microchip\xc8\v2.45\pic\sources\c99\common\doprnt.c estimated size: 176

C:\Program Files\Microchip\xc8\v2.45\pic\sources\c99\common\fltol.c
		___fltol       		CODE           	184C	0000	262

C:\Program Files\Microchip\xc8\v2.45\pic\sources\c99\common\fltol.c estimated size: 262

